<?xml version="1.0" encoding="UTF-8"?>
<phpunit xmlns:xsi="http://www.w3.org/2001/XMLSchema-instance" xsi:noNamespaceSchemaLocation="vendor/phpunit/phpunit/phpunit.xsd" bootstrap="drupal_root/core/tests/bootstrap.php" colors="true" beStrictAboutOutputDuringTests="true" beStrictAboutChangesToGlobalState="true">
  <php>
    <ini name="error_reporting" value="32767"/>
    <ini name="memory_limit" value="-1"/>
    <env name="PHPUNIT_RESULT_CACHE" value="sites/all/temporary/.phpunit.0703.result.cache"/>
    <env name="SIMPLETEST_BASE_URL" value="http://example.com:8080"/>
    <env name="SIMPLETEST_DB" value="sqlite://../sites/foo/default__default.sqlite"/>
    <env name="SYMFONY_DEPRECATIONS_HELPER" value="weak_vendor"/>
    <env name="MINK_DRIVER_CLASS" value="Drupal\FunctionalJavascriptTests\DrupalSelenium2Driver"/>
    <env name="MINK_DRIVER_ARGS" value="[&quot;chrome&quot;,null,&quot;http://localhost:4444/wd/hub&quot;]"/>
    <env name="MINK_DRIVER_ARGS_WEBDRIVER" value="[&quot;chromium&quot;,{&quot;browserName&quot;:&quot;chrome&quot;,&quot;chromeOptions&quot;:{&quot;args&quot;:[&quot;--disable-gpu&quot;,&quot;--headless&quot;]}},&quot;http://localhost:9222&quot;]"/>
  </php>
  <testsuites>
    <testsuite name="unit">
      <file>drupal_root/core/tests/TestSuites/UnitTestSuite.php</file>
    </testsuite>
    <testsuite name="kernel">
      <file>drupal_root/core/tests/TestSuites/KernelTestSuite.php</file>
    </testsuite>
    <testsuite name="functional">
      <file>drupal_root/core/tests/TestSuites/FunctionalTestSuite.php</file>
    </testsuite>
    <testsuite name="functional-javascript">
      <file>drupal_root/core/tests/TestSuites/FunctionalJavascriptTestSuite.php</file>
    </testsuite>
    <testsuite name="b-unit">
      <directory>a/b/tests/src/Unit</directory>
    </testsuite>
    <testsuite name="b-kernel">
      <directory>a/b/tests/src/Kernel</directory>
    </testsuite>
    <testsuite name="b-functional">
      <directory>a/b/tests/src/Functional</directory>
    </testsuite>
    <testsuite name="b-functional-javascript">
      <directory>a/b/tests/src/FunctionalJavascript</directory>
    </testsuite>
    <testsuite name="c-unit">
      <directory>a/c/tests/src/Unit</directory>
    </testsuite>
    <testsuite name="c-kernel">
      <directory>a/c/tests/src/Kernel</directory>
    </testsuite>
    <testsuite name="c-functional">
      <directory>a/c/tests/src/Functional</directory>
    </testsuite>
    <testsuite name="c-functional-javascript">
      <directory>a/c/tests/src/FunctionalJavascript</directory>
    </testsuite>
  </testsuites>
  <listeners>
    <listener class="\Drupal\Tests\Listeners\DrupalListener"/>
  </listeners>
  <logging>
    <text outputFile="php://stdout"/>
    <testdoxHtml outputFile="logs/human/unit/junit.html"/>
    <junit outputFile="logs/machine/unit/junit.xml"/>
  </logging>
  <coverage processUncoveredFiles="true">
    <include>
      <directory>a/b/Commands</directory>
      <directory>a/b/Generators</directory>
      <directory>a/b/src</directory>
      <directory>a/c/Commands</directory>
      <directory>a/c/Generators</directory>
      <directory>a/c/src</directory>
    </include>
    <report>
      <html outputDirectory="logs/human/coverage/html"/>
      <clover outputFile="logs/machine/coverage/coverage.xml"/>
    </report>
  </coverage>
</phpunit>
